2026-09-11T02:20:16.052Z
DEFERRED motorVehicleTheftRate: Cached probe .cache/robbery_probe.json: HTTP 429 OVER_RATE_LIMIT on DEMO_KEY. Body: {
  "error": {
    "code": "OVER_RATE_LIMIT",
    "message": "You have exceeded your rate limit. Try again later or contact us for assistance: https://api.usa.gov:443"
  }
}
Fresh retry evidence supplied in the task: a fresh unsandboxed retry from outside this build at 2026-09-10 ~14:0x PT got the identical 429 OVER_RATE_LIMIT on all four offense endpoints. Both attempts used DEMO_KEY. No FBI_API_KEY is configured; no API key available. No request attempted in this offline build.
DEFERRED burglaryRate: Cached probe .cache/robbery_probe.json: HTTP 429 OVER_RATE_LIMIT on DEMO_KEY. Body: {
  "error": {
    "code": "OVER_RATE_LIMIT",
    "message": "You have exceeded your rate limit. Try again later or contact us for assistance: https://api.usa.gov:443"
  }
}
Fresh retry evidence supplied in the task: a fresh unsandboxed retry from outside this build at 2026-09-10 ~14:0x PT got the identical 429 OVER_RATE_LIMIT on all four offense endpoints. Both attempts used DEMO_KEY. No FBI_API_KEY is configured; no API key available. No request attempted in this offline build.
DEFERRED robberyRate: Cached probe .cache/robbery_probe.json: HTTP 429 OVER_RATE_LIMIT on DEMO_KEY. Body: {
  "error": {
    "code": "OVER_RATE_LIMIT",
    "message": "You have exceeded your rate limit. Try again later or contact us for assistance: https://api.usa.gov:443"
  }
}
Fresh retry evidence supplied in the task: a fresh unsandboxed retry from outside this build at 2026-09-10 ~14:0x PT got the identical 429 OVER_RATE_LIMIT on all four offense endpoints. Both attempts used DEMO_KEY. No FBI_API_KEY is configured; no API key available. No request attempted in this offline build.
DEFERRED aggravatedAssaultRate: Cached probe .cache/robbery_probe.json: HTTP 429 OVER_RATE_LIMIT on DEMO_KEY. Body: {
  "error": {
    "code": "OVER_RATE_LIMIT",
    "message": "You have exceeded your rate limit. Try again later or contact us for assistance: https://api.usa.gov:443"
  }
}
Fresh retry evidence supplied in the task: a fresh unsandboxed retry from outside this build at 2026-09-10 ~14:0x PT got the identical 429 OVER_RATE_LIMIT on all four offense endpoints. Both attempts used DEMO_KEY. No FBI_API_KEY is configured; no API key available. No request attempted in this offline build.
PASS ncvsViolentRate: 1993–2024 (31 points), latest 23.3
PASS ncvsReportedShare: 1993–2024 (31 points), latest 48.1
PASS ncvsPropertyRate: 1993–2024 (28 points), latest 97.6
PASS jailRate: 2012–2023 (12 points), latest 198
PASS correctionalSupervisionRate: 2003–2023 (21 points), latest 2100
PASS executions: 1930–2023 (94 points), latest 24
PASS deathRowPopulation: 1953–2023 (71 points), latest 2192
PASS federalPrisonPopulation: 1980–2025 (46 points), latest 155270
PASS federalOffendersSentenced: 2002–2025 (24 points), latest 66662
PASS gallupMoreCrime: 1989–2025 (32 points), latest 49
PASS gallupAfraidToWalk: 1965–2025 (41 points), latest 31
PASS gssFearWalking: 1973–2024 (30 points), latest 32.8
PASS gssFavorDeathPenalty: 1974–2024 (33 points), latest 62.1
PASS gssCourtsNotHarsh: 1972–2024 (34 points), latest 59.2
PASS gssGunInHome: 1973–2024 (30 points), latest 38.8
PASS fraudReports: 2001–2024 (24 points), latest 2600678
PASS identityTheftReports: 2001–2024 (24 points), latest 1135291
PASS ic3Complaints: 2011–2025 (15 points), latest 1008597
PASS ic3Losses: 2011–2025 (15 points), latest 20.877
wrote 19 series; index 19; deferred 4; errors 0
2026-09-11T02:23:31.960Z --only ncvs
PASS ncvsViolentRate: 1993–2024 (31 points), latest 23.3
PASS ncvsReportedShare: 1993–2024 (31 points), latest 48.1
PASS ncvsPropertyRate: 1993–2024 (28 points), latest 97.6
wrote 3 series; index 19; deferred 4; errors 0
2026-09-11T02:23:32.019Z
DEFERRED motorVehicleTheftRate: Cached probe .cache/robbery_probe.json: HTTP 429 OVER_RATE_LIMIT on DEMO_KEY. Body: {
  "error": {
    "code": "OVER_RATE_LIMIT",
    "message": "You have exceeded your rate limit. Try again later or contact us for assistance: https://api.usa.gov:443"
  }
}
Fresh retry evidence supplied in the task: a fresh unsandboxed retry from outside this build at 2026-09-10 ~14:0x PT got the identical 429 OVER_RATE_LIMIT on all four offense endpoints. Both attempts used DEMO_KEY. No FBI_API_KEY is configured; no API key available. No request attempted in this offline build.
DEFERRED burglaryRate: Cached probe .cache/robbery_probe.json: HTTP 429 OVER_RATE_LIMIT on DEMO_KEY. Body: {
  "error": {
    "code": "OVER_RATE_LIMIT",
    "message": "You have exceeded your rate limit. Try again later or contact us for assistance: https://api.usa.gov:443"
  }
}
Fresh retry evidence supplied in the task: a fresh unsandboxed retry from outside this build at 2026-09-10 ~14:0x PT got the identical 429 OVER_RATE_LIMIT on all four offense endpoints. Both attempts used DEMO_KEY. No FBI_API_KEY is configured; no API key available. No request attempted in this offline build.
DEFERRED robberyRate: Cached probe .cache/robbery_probe.json: HTTP 429 OVER_RATE_LIMIT on DEMO_KEY. Body: {
  "error": {
    "code": "OVER_RATE_LIMIT",
    "message": "You have exceeded your rate limit. Try again later or contact us for assistance: https://api.usa.gov:443"
  }
}
Fresh retry evidence supplied in the task: a fresh unsandboxed retry from outside this build at 2026-09-10 ~14:0x PT got the identical 429 OVER_RATE_LIMIT on all four offense endpoints. Both attempts used DEMO_KEY. No FBI_API_KEY is configured; no API key available. No request attempted in this offline build.
DEFERRED aggravatedAssaultRate: Cached probe .cache/robbery_probe.json: HTTP 429 OVER_RATE_LIMIT on DEMO_KEY. Body: {
  "error": {
    "code": "OVER_RATE_LIMIT",
    "message": "You have exceeded your rate limit. Try again later or contact us for assistance: https://api.usa.gov:443"
  }
}
Fresh retry evidence supplied in the task: a fresh unsandboxed retry from outside this build at 2026-09-10 ~14:0x PT got the identical 429 OVER_RATE_LIMIT on all four offense endpoints. Both attempts used DEMO_KEY. No FBI_API_KEY is configured; no API key available. No request attempted in this offline build.
PASS ncvsViolentRate: 1993–2024 (31 points), latest 23.3
PASS ncvsReportedShare: 1993–2024 (31 points), latest 48.1
PASS ncvsPropertyRate: 1993–2024 (28 points), latest 97.6
PASS jailRate: 2012–2023 (12 points), latest 198
PASS correctionalSupervisionRate: 2003–2023 (21 points), latest 2100
PASS executions: 1930–2023 (94 points), latest 24
PASS deathRowPopulation: 1953–2023 (71 points), latest 2192
PASS federalPrisonPopulation: 1980–2025 (46 points), latest 155270
PASS federalOffendersSentenced: 2002–2025 (24 points), latest 66662
PASS gallupMoreCrime: 1989–2025 (32 points), latest 49
PASS gallupAfraidToWalk: 1965–2025 (41 points), latest 31
PASS gssFearWalking: 1973–2024 (30 points), latest 32.8
PASS gssFavorDeathPenalty: 1974–2024 (33 points), latest 62.1
PASS gssCourtsNotHarsh: 1972–2024 (34 points), latest 59.2
PASS gssGunInHome: 1973–2024 (30 points), latest 38.8
PASS fraudReports: 2001–2024 (24 points), latest 2600678
PASS identityTheftReports: 2001–2024 (24 points), latest 1135291
PASS ic3Complaints: 2011–2025 (15 points), latest 1008597
PASS ic3Losses: 2011–2025 (15 points), latest 20.877
wrote 19 series; index 19; deferred 4; errors 0
2026-09-11T02:24:41.967Z
DEFERRED motorVehicleTheftRate: Cached probe .cache/robbery_probe.json: HTTP 429 OVER_RATE_LIMIT on DEMO_KEY. Body: {
  "error": {
    "code": "OVER_RATE_LIMIT",
    "message": "You have exceeded your rate limit. Try again later or contact us for assistance: https://api.usa.gov:443"
  }
}
Fresh retry evidence supplied in the task: a fresh unsandboxed retry from outside this build at 2026-09-10 ~14:0x PT got the identical 429 OVER_RATE_LIMIT on all four offense endpoints. Both attempts used DEMO_KEY. No FBI_API_KEY is configured; no API key available. No request attempted in this offline build.
DEFERRED burglaryRate: Cached probe .cache/robbery_probe.json: HTTP 429 OVER_RATE_LIMIT on DEMO_KEY. Body: {
  "error": {
    "code": "OVER_RATE_LIMIT",
    "message": "You have exceeded your rate limit. Try again later or contact us for assistance: https://api.usa.gov:443"
  }
}
Fresh retry evidence supplied in the task: a fresh unsandboxed retry from outside this build at 2026-09-10 ~14:0x PT got the identical 429 OVER_RATE_LIMIT on all four offense endpoints. Both attempts used DEMO_KEY. No FBI_API_KEY is configured; no API key available. No request attempted in this offline build.
DEFERRED robberyRate: Cached probe .cache/robbery_probe.json: HTTP 429 OVER_RATE_LIMIT on DEMO_KEY. Body: {
  "error": {
    "code": "OVER_RATE_LIMIT",
    "message": "You have exceeded your rate limit. Try again later or contact us for assistance: https://api.usa.gov:443"
  }
}
Fresh retry evidence supplied in the task: a fresh unsandboxed retry from outside this build at 2026-09-10 ~14:0x PT got the identical 429 OVER_RATE_LIMIT on all four offense endpoints. Both attempts used DEMO_KEY. No FBI_API_KEY is configured; no API key available. No request attempted in this offline build.
DEFERRED aggravatedAssaultRate: Cached probe .cache/robbery_probe.json: HTTP 429 OVER_RATE_LIMIT on DEMO_KEY. Body: {
  "error": {
    "code": "OVER_RATE_LIMIT",
    "message": "You have exceeded your rate limit. Try again later or contact us for assistance: https://api.usa.gov:443"
  }
}
Fresh retry evidence supplied in the task: a fresh unsandboxed retry from outside this build at 2026-09-10 ~14:0x PT got the identical 429 OVER_RATE_LIMIT on all four offense endpoints. Both attempts used DEMO_KEY. No FBI_API_KEY is configured; no API key available. No request attempted in this offline build.
PASS ncvsViolentRate: 1993–2024 (31 points), latest 23.3
PASS ncvsReportedShare: 1993–2024 (31 points), latest 48.1
PASS ncvsPropertyRate: 1993–2024 (28 points), latest 97.6
PASS jailRate: 2012–2023 (12 points), latest 198
PASS correctionalSupervisionRate: 2003–2023 (21 points), latest 2100
PASS executions: 1930–2023 (94 points), latest 24
PASS deathRowPopulation: 1953–2023 (71 points), latest 2192
PASS federalPrisonPopulation: 1980–2025 (46 points), latest 155270
PASS federalOffendersSentenced: 2002–2025 (24 points), latest 66662
PASS gallupMoreCrime: 1989–2025 (32 points), latest 49
PASS gallupAfraidToWalk: 1965–2025 (41 points), latest 31
PASS gssFearWalking: 1973–2024 (30 points), latest 32.8
PASS gssFavorDeathPenalty: 1974–2024 (33 points), latest 62.1
PASS gssCourtsNotHarsh: 1972–2024 (34 points), latest 59.2
PASS gssGunInHome: 1973–2024 (30 points), latest 38.8
PASS fraudReports: 2001–2024 (24 points), latest 2600678
PASS identityTheftReports: 2001–2024 (24 points), latest 1135291
PASS ic3Complaints: 2011–2025 (15 points), latest 1008597
PASS ic3Losses: 2011–2025 (15 points), latest 20.877
wrote 19 series; index 19; deferred 4; errors 0
2026-09-11T08:24:34.122Z --only motorVehicleTheftRate,burglaryRate,robberyRate,aggravatedAssaultRate
DEFERRED motorVehicleTheftRate: Cached probe .cache/robbery_probe.json: HTTP 429 OVER_RATE_LIMIT on DEMO_KEY. Body: {
  "error": {
    "code": "OVER_RATE_LIMIT",
    "message": "You have exceeded your rate limit. Try again later or contact us for assistance: https://api.usa.gov:443"
  }
}
Fresh retry evidence supplied in the task: a fresh unsandboxed retry from outside this build at 2026-09-10 ~14:0x PT got the identical 429 OVER_RATE_LIMIT on all four offense endpoints. Both attempts used DEMO_KEY. No FBI_API_KEY is configured; no API key available. No request attempted in this offline build.
DEFERRED burglaryRate: Cached probe .cache/robbery_probe.json: HTTP 429 OVER_RATE_LIMIT on DEMO_KEY. Body: {
  "error": {
    "code": "OVER_RATE_LIMIT",
    "message": "You have exceeded your rate limit. Try again later or contact us for assistance: https://api.usa.gov:443"
  }
}
Fresh retry evidence supplied in the task: a fresh unsandboxed retry from outside this build at 2026-09-10 ~14:0x PT got the identical 429 OVER_RATE_LIMIT on all four offense endpoints. Both attempts used DEMO_KEY. No FBI_API_KEY is configured; no API key available. No request attempted in this offline build.
DEFERRED robberyRate: Cached probe .cache/robbery_probe.json: HTTP 429 OVER_RATE_LIMIT on DEMO_KEY. Body: {
  "error": {
    "code": "OVER_RATE_LIMIT",
    "message": "You have exceeded your rate limit. Try again later or contact us for assistance: https://api.usa.gov:443"
  }
}
Fresh retry evidence supplied in the task: a fresh unsandboxed retry from outside this build at 2026-09-10 ~14:0x PT got the identical 429 OVER_RATE_LIMIT on all four offense endpoints. Both attempts used DEMO_KEY. No FBI_API_KEY is configured; no API key available. No request attempted in this offline build.
DEFERRED aggravatedAssaultRate: Cached probe .cache/robbery_probe.json: HTTP 429 OVER_RATE_LIMIT on DEMO_KEY. Body: {
  "error": {
    "code": "OVER_RATE_LIMIT",
    "message": "You have exceeded your rate limit. Try again later or contact us for assistance: https://api.usa.gov:443"
  }
}
Fresh retry evidence supplied in the task: a fresh unsandboxed retry from outside this build at 2026-09-10 ~14:0x PT got the identical 429 OVER_RATE_LIMIT on all four offense endpoints. Both attempts used DEMO_KEY. No FBI_API_KEY is configured; no API key available. No request attempted in this offline build.
wrote 0 series; index 19; deferred 4; errors 0
2026-09-11T08:29:04.506Z --only fbi
DEFERRED motorVehicleTheftRate: Error: https://api.usa.gov/crime/fbi/cde/summarized/national/motor-vehicle-theft?from=01-2000&to=12-2024: fetch failed: Error: Unable to connect. Is the computer able to access the url?
DEFERRED burglaryRate: Error: https://api.usa.gov/crime/fbi/cde/summarized/national/burglary?from=01-2000&to=12-2024: fetch failed: Error: Was there a typo in the url or port?
DEFERRED robberyRate: Error: https://api.usa.gov/crime/fbi/cde/summarized/national/robbery?from=01-2000&to=12-2024: fetch failed: Error: Unable to connect. Is the computer able to access the url?
DEFERRED aggravatedAssaultRate: Error: https://api.usa.gov/crime/fbi/cde/summarized/national/aggravated-assault?from=01-2000&to=12-2024: fetch failed: Error: Was there a typo in the url or port?
wrote 0 series; index 19; deferred 4; errors 0
2026-09-11T08:29:13.821Z
DEFERRED motorVehicleTheftRate: Error: https://api.usa.gov/crime/fbi/cde/summarized/national/motor-vehicle-theft?from=01-2000&to=12-2024: fetch failed: Error: Unable to connect. Is the computer able to access the url?
DEFERRED burglaryRate: Error: https://api.usa.gov/crime/fbi/cde/summarized/national/burglary?from=01-2000&to=12-2024: fetch failed: Error: Was there a typo in the url or port?
DEFERRED robberyRate: Error: https://api.usa.gov/crime/fbi/cde/summarized/national/robbery?from=01-2000&to=12-2024: fetch failed: Error: Unable to connect. Is the computer able to access the url?
DEFERRED aggravatedAssaultRate: Error: https://api.usa.gov/crime/fbi/cde/summarized/national/aggravated-assault?from=01-2000&to=12-2024: fetch failed: Error: Was there a typo in the url or port?
PASS ncvsViolentRate: 1993–2024 (31 points), latest 23.3
PASS ncvsReportedShare: 1993–2024 (31 points), latest 48.1
PASS ncvsPropertyRate: 1993–2024 (28 points), latest 97.6
PASS jailRate: 2012–2023 (12 points), latest 198
PASS correctionalSupervisionRate: 2003–2023 (21 points), latest 2100
PASS executions: 1930–2023 (94 points), latest 24
PASS deathRowPopulation: 1953–2023 (71 points), latest 2192
PASS federalPrisonPopulation: 1980–2025 (46 points), latest 155270
PASS federalOffendersSentenced: 2002–2025 (24 points), latest 66662
PASS gallupMoreCrime: 1989–2025 (32 points), latest 49
PASS gallupAfraidToWalk: 1965–2025 (41 points), latest 31
PASS gssFearWalking: 1973–2024 (30 points), latest 32.8
PASS gssFavorDeathPenalty: 1974–2024 (33 points), latest 62.1
PASS gssCourtsNotHarsh: 1972–2024 (34 points), latest 59.2
PASS gssGunInHome: 1973–2024 (30 points), latest 38.8
PASS fraudReports: 2001–2024 (24 points), latest 2600678
PASS identityTheftReports: 2001–2024 (24 points), latest 1135291
PASS ic3Complaints: 2011–2025 (15 points), latest 1008597
PASS ic3Losses: 2011–2025 (15 points), latest 20.877
wrote 19 series; index 19; deferred 4; errors 0
2026-09-11T21:25:11.978Z --only fbi
PASS motorVehicleTheftRate: 2000–2024 (25 points), latest 248.3
PASS burglaryRate: 2000–2024 (25 points), latest 223.4
PASS robberyRate: 2000–2024 (25 points), latest 59.4
PASS aggravatedAssaultRate: 2000–2024 (25 points), latest 248
wrote 4 series; index 23; deferred 0; errors 0
2026-09-11T21:26:37.813Z --only fbi
PASS motorVehicleTheftRate: 2000–2024 (25 points), latest 257.9
PASS burglaryRate: 2000–2024 (25 points), latest 232
PASS robberyRate: 2000–2024 (25 points), latest 61.7
PASS aggravatedAssaultRate: 2000–2024 (25 points), latest 257.5
wrote 4 series; index 23; deferred 0; errors 0
2026-09-11T21:49:18.364Z --only fbi
PASS motorVehicleTheftRate: 2000–2024 (25 points), latest 257.9
PASS burglaryRate: 2000–2024 (25 points), latest 232
PASS robberyRate: 2000–2024 (25 points), latest 61.7
PASS aggravatedAssaultRate: 2000–2024 (25 points), latest 257.5
wrote 4 series; index 23; deferred 0; errors 0
2026-09-11T21:53:59.500Z --only fbi
PASS motorVehicleTheftRate: 2000–2024 (25 points), latest 257.9
PASS burglaryRate: 2000–2024 (25 points), latest 232
PASS robberyRate: 2000–2024 (25 points), latest 61.7
PASS aggravatedAssaultRate: 2000–2024 (25 points), latest 257.5
wrote 4 series; index 23; deferred 0; errors 0
2026-09-11T21:59:15.813Z --only fbi,ncvs
PASS motorVehicleTheftRate: 2000–2024 (25 points), latest 257.9
PASS burglaryRate: 2000–2024 (25 points), latest 232
PASS robberyRate: 2000–2024 (25 points), latest 61.7
PASS aggravatedAssaultRate: 2000–2024 (25 points), latest 257.5
PASS ncvsViolentRate: 1993–2024 (31 points), latest 23.3
PASS ncvsReportedShare: 1993–2024 (31 points), latest 48.1
PASS ncvsPropertyRate: 1993–2024 (28 points), latest 97.6
wrote 7 series; index 23; deferred 0; errors 0
2026-09-11T22:00:58.865Z --only ncvs,fbi
DEFERRED aggravatedAssaultRate: Error: InvariantViolation: https://api.usa.gov/crime/fbi/cde/summarized/national/aggravated-assault?from=01-2000&to=12-2025: LIVE HTTP 429 Too Many Requests; body: {
  "error": {
    "code": "OVER_RATE_LIMIT",
    "message": "You have exceeded your rate limit. Try again later or contact us for assistance: https://api.usa.gov:443"
  }
}
PASS motorVehicleTheftRate: 2000–2025 (26 points), latest 201.1
PASS burglaryRate: 2000–2025 (26 points), latest 196.1
PASS robberyRate: 2000–2025 (26 points), latest 50.2
PASS ncvsViolentRate: 1993–2024 (31 points), latest 23.3
PASS ncvsReportedShare: 1993–2024 (31 points), latest 48.1
PASS ncvsPropertyRate: 1993–2024 (31 points), latest 97.6
wrote 6 series; index 22; deferred 1; errors 0
2026-09-11T22:01:33.286Z --only aggravatedAssaultRate
DEFERRED aggravatedAssaultRate: Error: InvariantViolation: https://api.usa.gov/crime/fbi/cde/summarized/national/aggravated-assault?from=01-2000&to=12-2025: LIVE HTTP 429 Too Many Requests; body: {
  "error": {
    "code": "OVER_RATE_LIMIT",
    "message": "You have exceeded your rate limit. Try again later or contact us for assistance: https://api.usa.gov:443"
  }
}
wrote 0 series; index 22; deferred 1; errors 0
2026-09-11T22:53:00.393Z --only aggravatedAssaultRate
DEFERRED aggravatedAssaultRate: Error: InvariantViolation: https://api.usa.gov/crime/fbi/cde/summarized/national/aggravated-assault?from=01-2000&to=12-2025: LIVE HTTP 429 Too Many Requests; body: {
  "error": {
    "code": "OVER_RATE_LIMIT",
    "message": "You have exceeded your rate limit. Try again later or contact us for assistance: https://api.usa.gov:443"
  }
}
wrote 0 series; index 22; deferred 1; errors 0
2026-09-11T23:01:09.033Z --only corrections,gss,ic3
FAIL corrections: Error: InvariantViolation: jailRate: insufficient annual points
PASS gssFearWalking: 1973–2024 (30 points), latest 32.8
PASS gssFavorDeathPenalty: 1974–2024 (33 points), latest 62.1
PASS gssCourtsNotHarsh: 1972–2024 (34 points), latest 59.2
PASS gssGunInHome: 1973–2024 (30 points), latest 38.8
PASS ic3Complaints: 2011–2025 (15 points), latest 1008597
PASS ic3Losses: 2011–2025 (15 points), latest 20.877
wrote 6 series; index 22; deferred 1; errors 1
2026-09-11T23:01:15.394Z --only corrections
FAIL corrections: Error: InvariantViolation: jailRate: insufficient annual points
wrote 0 series; index 22; deferred 1; errors 1
2026-09-11T23:01:29.835Z --only corrections
PASS jailRate: 2012–2024 (13 points), latest 194
PASS correctionalSupervisionRate: 2003–2023 (21 points), latest 2100
wrote 2 series; index 22; deferred 1; errors 0
2026-09-11T23:01:37.917Z --only aggravatedAssaultRate
DEFERRED aggravatedAssaultRate: Error: InvariantViolation: https://api.usa.gov/crime/fbi/cde/summarized/national/aggravated-assault?from=01-2000&to=12-2025: LIVE HTTP 429 Too Many Requests; body: {
  "error": {
    "code": "OVER_RATE_LIMIT",
    "message": "You have exceeded your rate limit. Try again later or contact us for assistance: https://api.usa.gov:443"
  }
}
wrote 0 series; index 22; deferred 1; errors 0
2026-09-11T23:06:37.354Z --only aggravatedAssaultRate
DEFERRED aggravatedAssaultRate: Error: InvariantViolation: https://api.usa.gov/crime/fbi/cde/summarized/national/aggravated-assault?from=01-2000&to=12-2025: LIVE HTTP 429 Too Many Requests; body: {
  "error": {
    "code": "OVER_RATE_LIMIT",
    "message": "You have exceeded your rate limit. Try again later or contact us for assistance: https://api.usa.gov:443"
  }
}
wrote 0 series; index 22; deferred 1; errors 0
2026-09-11T23:07:05.621Z --only aggravatedAssaultRate
PASS aggravatedAssaultRate: 2000–2024 (25 points), latest 257.5
wrote 1 series; index 23; deferred 0; errors 0
